running egg_info
creating ../../../build/tribo_plot/tribo_plot.egg-info
writing ../../../build/tribo_plot/tribo_plot.egg-info/PKG-INFO
writing dependency_links to ../../../build/tribo_plot/tribo_plot.egg-info/dependency_links.txt
writing entry points to ../../../build/tribo_plot/tribo_plot.egg-info/entry_points.txt
writing requirements to ../../../build/tribo_plot/tribo_plot.egg-info/requires.txt
writing top-level names to ../../../build/tribo_plot/tribo_plot.egg-info/top_level.txt
writing manifest file '../../../build/tribo_plot/tribo_plot.egg-info/SOURCES.txt'
reading manifest file '../../../build/tribo_plot/tribo_plot.egg-info/SOURCES.txt'
writing manifest file '../../../build/tribo_plot/tribo_plot.egg-info/SOURCES.txt'
running build
running build_py
creating /home/kang/Documents/tribo-slide/build/tribo_plot/build
creating /home/kang/Documents/tribo-slide/build/tribo_plot/build/lib
creating /home/kang/Documents/tribo-slide/build/tribo_plot/build/lib/tribo_plot
copying tribo_plot/plot_sensor.py -> /home/kang/Documents/tribo-slide/build/tribo_plot/build/lib/tribo_plot
copying tribo_plot/app_node.py -> /home/kang/Documents/tribo-slide/build/tribo_plot/build/lib/tribo_plot
copying tribo_plot/__init__.py -> /home/kang/Documents/tribo-slide/build/tribo_plot/build/lib/tribo_plot
copying tribo_plot/app1.py -> /home/kang/Documents/tribo-slide/build/tribo_plot/build/lib/tribo_plot
copying tribo_plot/state_manager_node.py -> /home/kang/Documents/tribo-slide/build/tribo_plot/build/lib/tribo_plot
copying tribo_plot/inference_node.py -> /home/kang/Documents/tribo-slide/build/tribo_plot/build/lib/tribo_plot
copying tribo_plot/sensorT_fake.py -> /home/kang/Documents/tribo-slide/build/tribo_plot/build/lib/tribo_plot
copying tribo_plot/sensorT_large.py -> /home/kang/Documents/tribo-slide/build/tribo_plot/build/lib/tribo_plot
creating /home/kang/Documents/tribo-slide/build/tribo_plot/build/lib/tribo_plot/model
copying tribo_plot/model/lstm.py -> /home/kang/Documents/tribo-slide/build/tribo_plot/build/lib/tribo_plot/model
copying tribo_plot/model/__init__.py -> /home/kang/Documents/tribo-slide/build/tribo_plot/build/lib/tribo_plot/model
copying tribo_plot/model/mlstm_fcn.py -> /home/kang/Documents/tribo-slide/build/tribo_plot/build/lib/tribo_plot/model
creating /home/kang/Documents/tribo-slide/build/tribo_plot/build/lib/tribo_plot/utils
copying tribo_plot/utils/state.py -> /home/kang/Documents/tribo-slide/build/tribo_plot/build/lib/tribo_plot/utils
copying tribo_plot/utils/__init__.py -> /home/kang/Documents/tribo-slide/build/tribo_plot/build/lib/tribo_plot/utils
copying tribo_plot/utils/layout_colorwidget.py -> /home/kang/Documents/tribo-slide/build/tribo_plot/build/lib/tribo_plot/utils
copying tribo_plot/utils/widget.py -> /home/kang/Documents/tribo-slide/build/tribo_plot/build/lib/tribo_plot/utils
running install
running install_lib
creating /home/kang/Documents/tribo-slide/install/tribo_plot/lib/python3.10/site-packages/tribo_plot
copying /home/kang/Documents/tribo-slide/build/tribo_plot/build/lib/tribo_plot/plot_sensor.py -> /home/kang/Documents/tribo-slide/install/tribo_plot/lib/python3.10/site-packages/tribo_plot
creating /home/kang/Documents/tribo-slide/install/tribo_plot/lib/python3.10/site-packages/tribo_plot/model
copying /home/kang/Documents/tribo-slide/build/tribo_plot/build/lib/tribo_plot/model/lstm.py -> /home/kang/Documents/tribo-slide/install/tribo_plot/lib/python3.10/site-packages/tribo_plot/model
copying /home/kang/Documents/tribo-slide/build/tribo_plot/build/lib/tribo_plot/model/__init__.py -> /home/kang/Documents/tribo-slide/install/tribo_plot/lib/python3.10/site-packages/tribo_plot/model
copying /home/kang/Documents/tribo-slide/build/tribo_plot/build/lib/tribo_plot/model/mlstm_fcn.py -> /home/kang/Documents/tribo-slide/install/tribo_plot/lib/python3.10/site-packages/tribo_plot/model
copying /home/kang/Documents/tribo-slide/build/tribo_plot/build/lib/tribo_plot/app_node.py -> /home/kang/Documents/tribo-slide/install/tribo_plot/lib/python3.10/site-packages/tribo_plot
copying /home/kang/Documents/tribo-slide/build/tribo_plot/build/lib/tribo_plot/__init__.py -> /home/kang/Documents/tribo-slide/install/tribo_plot/lib/python3.10/site-packages/tribo_plot
creating /home/kang/Documents/tribo-slide/install/tribo_plot/lib/python3.10/site-packages/tribo_plot/utils
copying /home/kang/Documents/tribo-slide/build/tribo_plot/build/lib/tribo_plot/utils/state.py -> /home/kang/Documents/tribo-slide/install/tribo_plot/lib/python3.10/site-packages/tribo_plot/utils
copying /home/kang/Documents/tribo-slide/build/tribo_plot/build/lib/tribo_plot/utils/__init__.py -> /home/kang/Documents/tribo-slide/install/tribo_plot/lib/python3.10/site-packages/tribo_plot/utils
copying /home/kang/Documents/tribo-slide/build/tribo_plot/build/lib/tribo_plot/utils/layout_colorwidget.py -> /home/kang/Documents/tribo-slide/install/tribo_plot/lib/python3.10/site-packages/tribo_plot/utils
copying /home/kang/Documents/tribo-slide/build/tribo_plot/build/lib/tribo_plot/utils/widget.py -> /home/kang/Documents/tribo-slide/install/tribo_plot/lib/python3.10/site-packages/tribo_plot/utils
copying /home/kang/Documents/tribo-slide/build/tribo_plot/build/lib/tribo_plot/app1.py -> /home/kang/Documents/tribo-slide/install/tribo_plot/lib/python3.10/site-packages/tribo_plot
copying /home/kang/Documents/tribo-slide/build/tribo_plot/build/lib/tribo_plot/state_manager_node.py -> /home/kang/Documents/tribo-slide/install/tribo_plot/lib/python3.10/site-packages/tribo_plot
copying /home/kang/Documents/tribo-slide/build/tribo_plot/build/lib/tribo_plot/inference_node.py -> /home/kang/Documents/tribo-slide/install/tribo_plot/lib/python3.10/site-packages/tribo_plot
copying /home/kang/Documents/tribo-slide/build/tribo_plot/build/lib/tribo_plot/sensorT_fake.py -> /home/kang/Documents/tribo-slide/install/tribo_plot/lib/python3.10/site-packages/tribo_plot
copying /home/kang/Documents/tribo-slide/build/tribo_plot/build/lib/tribo_plot/sensorT_large.py -> /home/kang/Documents/tribo-slide/install/tribo_plot/lib/python3.10/site-packages/tribo_plot
byte-compiling /home/kang/Documents/tribo-slide/install/tribo_plot/lib/python3.10/site-packages/tribo_plot/plot_sensor.py to plot_sensor.cpython-310.pyc
byte-compiling /home/kang/Documents/tribo-slide/install/tribo_plot/lib/python3.10/site-packages/tribo_plot/model/lstm.py to lstm.cpython-310.pyc
byte-compiling /home/kang/Documents/tribo-slide/install/tribo_plot/lib/python3.10/site-packages/tribo_plot/model/__init__.py to __init__.cpython-310.pyc
byte-compiling /home/kang/Documents/tribo-slide/install/tribo_plot/lib/python3.10/site-packages/tribo_plot/model/mlstm_fcn.py to mlstm_fcn.cpython-310.pyc
byte-compiling /home/kang/Documents/tribo-slide/install/tribo_plot/lib/python3.10/site-packages/tribo_plot/app_node.py to app_node.cpython-310.pyc
byte-compiling /home/kang/Documents/tribo-slide/install/tribo_plot/lib/python3.10/site-packages/tribo_plot/__init__.py to __init__.cpython-310.pyc
byte-compiling /home/kang/Documents/tribo-slide/install/tribo_plot/lib/python3.10/site-packages/tribo_plot/utils/state.py to state.cpython-310.pyc
byte-compiling /home/kang/Documents/tribo-slide/install/tribo_plot/lib/python3.10/site-packages/tribo_plot/utils/__init__.py to __init__.cpython-310.pyc
byte-compiling /home/kang/Documents/tribo-slide/install/tribo_plot/lib/python3.10/site-packages/tribo_plot/utils/layout_colorwidget.py to layout_colorwidget.cpython-310.pyc
byte-compiling /home/kang/Documents/tribo-slide/install/tribo_plot/lib/python3.10/site-packages/tribo_plot/utils/widget.py to widget.cpython-310.pyc
byte-compiling /home/kang/Documents/tribo-slide/install/tribo_plot/lib/python3.10/site-packages/tribo_plot/app1.py to app1.cpython-310.pyc
byte-compiling /home/kang/Documents/tribo-slide/install/tribo_plot/lib/python3.10/site-packages/tribo_plot/state_manager_node.py to state_manager_node.cpython-310.pyc
byte-compiling /home/kang/Documents/tribo-slide/install/tribo_plot/lib/python3.10/site-packages/tribo_plot/inference_node.py to inference_node.cpython-310.pyc
byte-compiling /home/kang/Documents/tribo-slide/install/tribo_plot/lib/python3.10/site-packages/tribo_plot/sensorT_fake.py to sensorT_fake.cpython-310.pyc
byte-compiling /home/kang/Documents/tribo-slide/install/tribo_plot/lib/python3.10/site-packages/tribo_plot/sensorT_large.py to sensorT_large.cpython-310.pyc
running install_data
creating /home/kang/Documents/tribo-slide/install/tribo_plot/share/ament_index
creating /home/kang/Documents/tribo-slide/install/tribo_plot/share/ament_index/resource_index
creating /home/kang/Documents/tribo-slide/install/tribo_plot/share/ament_index/resource_index/packages
copying resource/tribo_plot -> /home/kang/Documents/tribo-slide/install/tribo_plot/share/ament_index/resource_index/packages
copying package.xml -> /home/kang/Documents/tribo-slide/install/tribo_plot/share/tribo_plot
running install_egg_info
Copying ../../../build/tribo_plot/tribo_plot.egg-info to /home/kang/Documents/tribo-slide/install/tribo_plot/lib/python3.10/site-packages/tribo_plot-0.0.0-py3.10.egg-info
running install_scripts
Installing app1 script to /home/kang/Documents/tribo-slide/install/tribo_plot/lib/tribo_plot
Installing app_node script to /home/kang/Documents/tribo-slide/install/tribo_plot/lib/tribo_plot
Installing inference script to /home/kang/Documents/tribo-slide/install/tribo_plot/lib/tribo_plot
Installing models script to /home/kang/Documents/tribo-slide/install/tribo_plot/lib/tribo_plot
Installing plot_sensor script to /home/kang/Documents/tribo-slide/install/tribo_plot/lib/tribo_plot
Installing sensorT_fake script to /home/kang/Documents/tribo-slide/install/tribo_plot/lib/tribo_plot
Installing sensorT_large script to /home/kang/Documents/tribo-slide/install/tribo_plot/lib/tribo_plot
Installing state_manager script to /home/kang/Documents/tribo-slide/install/tribo_plot/lib/tribo_plot
writing list of installed files to '/home/kang/Documents/tribo-slide/build/tribo_plot/install.log'
