[0.024s] Invoking command in '/home/kang/Documents/tribo-slide/build/tribo': CMAKE_PREFIX_PATH=${CMAKE_PREFIX_PATH}:/home/kang/Documents/tribo-slide/ros2_ws/install/tribo_plot:/opt/ros/humble /usr/bin/cmake /home/kang/Documents/tribo-slide/ros2_ws/src/tribo -DCMAKE_INSTALL_PREFIX=/home/kang/Documents/tribo-slide/install/tribo
[0.239s] -- The C compiler identification is GNU 11.4.0
[0.559s] -- The CXX compiler identification is GNU 11.4.0
[0.764s] -- Detecting C compiler ABI info
[0.960s] -- Detecting C compiler ABI info - done
[0.967s] -- Check for working C compiler: /usr/bin/cc - skipped
[0.967s] -- Detecting C compile features
[0.968s] -- Detecting C compile features - done
[0.974s] -- Detecting CXX compiler ABI info
[1.147s] -- Detecting CXX compiler ABI info - done
[1.154s] -- Check for working CXX compiler: /usr/bin/c++ - skipped
[1.155s] -- Detecting CXX compile features
[1.155s] -- Detecting CXX compile features - done
[1.179s] -- Found ament_cmake: 1.3.12 (/opt/ros/humble/share/ament_cmake/cmake)
[1.447s] -- Found Python3: /usr/bin/python3 (found version "3.10.12") found components: Interpreter 
[1.660s] -- Found rclcpp: 16.0.16 (/opt/ros/humble/share/rclcpp/cmake)
[1.827s] -- Found rosidl_generator_c: 3.1.7 (/opt/ros/humble/share/rosidl_generator_c/cmake)
[1.836s] -- Found rosidl_adapter: 3.1.7 (/opt/ros/humble/share/rosidl_adapter/cmake)
[1.854s] -- Found rosidl_generator_cpp: 3.1.7 (/opt/ros/humble/share/rosidl_generator_cpp/cmake)
[1.880s] -- Using all available rosidl_typesupport_c: rosidl_typesupport_fastrtps_c;rosidl_typesupport_introspection_c
[1.905s] -- Using all available rosidl_typesupport_cpp: rosidl_typesupport_fastrtps_cpp;rosidl_typesupport_introspection_cpp
[1.972s] -- Found rmw_implementation_cmake: 6.1.2 (/opt/ros/humble/share/rmw_implementation_cmake/cmake)
[1.975s] -- Found rmw_fastrtps_cpp: 6.2.9 (/opt/ros/humble/share/rmw_fastrtps_cpp/cmake)
[2.521s] -- Found OpenSSL: /usr/lib/x86_64-linux-gnu/libcrypto.so (found version "3.0.2")  
[2.933s] -- Found FastRTPS: /opt/ros/humble/include  
[3.610s] -- Using RMW implementation 'rmw_fastrtps_cpp' as default
[3.623s] -- Looking for pthread.h
[3.718s] -- Looking for pthread.h - found
[3.718s] -- Performing Test CMAKE_HAVE_LIBC_PTHREAD
[3.802s] -- Performing Test CMAKE_HAVE_LIBC_PTHREAD - Success
[3.803s] -- Found Threads: TRUE  
[3.864s] -- Found tf2_msgs: 0.25.17 (/opt/ros/humble/share/tf2_msgs/cmake)
[3.933s] -- Found sensor_msgs: 4.9.0 (/opt/ros/humble/share/sensor_msgs/cmake)
[3.952s] -- Found tf2: 0.25.17 (/opt/ros/humble/share/tf2/cmake)
[3.959s] -- Found tf2_ros: 0.25.17 (/opt/ros/humble/share/tf2_ros/cmake)
[4.044s] -- Configuring done
[4.062s] -- Generating done
[4.069s] -- Build files have been written to: /home/kang/Documents/tribo-slide/build/tribo
[4.080s] Invoked command in '/home/kang/Documents/tribo-slide/build/tribo' returned '0': CMAKE_PREFIX_PATH=${CMAKE_PREFIX_PATH}:/home/kang/Documents/tribo-slide/ros2_ws/install/tribo_plot:/opt/ros/humble /usr/bin/cmake /home/kang/Documents/tribo-slide/ros2_ws/src/tribo -DCMAKE_INSTALL_PREFIX=/home/kang/Documents/tribo-slide/install/tribo
[4.083s] Invoking command in '/home/kang/Documents/tribo-slide/build/tribo': CMAKE_PREFIX_PATH=${CMAKE_PREFIX_PATH}:/home/kang/Documents/tribo-slide/ros2_ws/install/tribo_plot:/opt/ros/humble /usr/bin/cmake --build /home/kang/Documents/tribo-slide/build/tribo -- -j16 -l16
[4.121s] [ 16%] [32mBuilding CXX object CMakeFiles/sensorRFT.dir/src/sensor_RFT.cpp.o[0m
[4.123s] [ 33%] [32mBuilding CXX object CMakeFiles/writer.dir/src/writer.cpp.o[0m
[4.124s] [ 50%] [32mBuilding CXX object CMakeFiles/sensorT.dir/src/sensor_T.cpp.o[0m
[9.269s] [ 66%] [32m[1mLinking CXX executable sensorT[0m
[9.522s] [ 83%] [32m[1mLinking CXX executable sensorRFT[0m
[9.557s] [ 83%] Built target sensorT
[9.745s] [ 83%] Built target sensorRFT
[17.627s] [100%] [32m[1mLinking CXX executable writer[0m
[18.240s] [100%] Built target writer
[18.253s] Invoked command in '/home/kang/Documents/tribo-slide/build/tribo' returned '0': CMAKE_PREFIX_PATH=${CMAKE_PREFIX_PATH}:/home/kang/Documents/tribo-slide/ros2_ws/install/tribo_plot:/opt/ros/humble /usr/bin/cmake --build /home/kang/Documents/tribo-slide/build/tribo -- -j16 -l16
[18.255s] Invoking command in '/home/kang/Documents/tribo-slide/build/tribo': CMAKE_PREFIX_PATH=${CMAKE_PREFIX_PATH}:/home/kang/Documents/tribo-slide/ros2_ws/install/tribo_plot:/opt/ros/humble /usr/bin/cmake --install /home/kang/Documents/tribo-slide/build/tribo
[18.261s] -- Install configuration: ""
[18.262s] -- Installing: /home/kang/Documents/tribo-slide/install/tribo/lib/tribo/sensorT
[18.263s] -- Set runtime path of "/home/kang/Documents/tribo-slide/install/tribo/lib/tribo/sensorT" to ""
[18.263s] -- Installing: /home/kang/Documents/tribo-slide/install/tribo/lib/tribo/sensorRFT
[18.264s] -- Set runtime path of "/home/kang/Documents/tribo-slide/install/tribo/lib/tribo/sensorRFT" to ""
[18.264s] -- Installing: /home/kang/Documents/tribo-slide/install/tribo/lib/tribo/writer
[18.272s] -- Set runtime path of "/home/kang/Documents/tribo-slide/install/tribo/lib/tribo/writer" to ""
[18.272s] -- Installing: /home/kang/Documents/tribo-slide/install/tribo/share/tribo/launch
[18.273s] -- Installing: /home/kang/Documents/tribo-slide/install/tribo/share/tribo/launch/tribo_launch.py
[18.274s] -- Installing: /home/kang/Documents/tribo-slide/install/tribo/share/ament_index/resource_index/package_run_dependencies/tribo
[18.274s] -- Installing: /home/kang/Documents/tribo-slide/install/tribo/share/ament_index/resource_index/parent_prefix_path/tribo
[18.275s] -- Installing: /home/kang/Documents/tribo-slide/install/tribo/share/tribo/environment/ament_prefix_path.sh
[18.275s] -- Installing: /home/kang/Documents/tribo-slide/install/tribo/share/tribo/environment/ament_prefix_path.dsv
[18.276s] -- Installing: /home/kang/Documents/tribo-slide/install/tribo/share/tribo/environment/path.sh
[18.276s] -- Installing: /home/kang/Documents/tribo-slide/install/tribo/share/tribo/environment/path.dsv
[18.276s] -- Installing: /home/kang/Documents/tribo-slide/install/tribo/share/tribo/local_setup.bash
[18.276s] -- Installing: /home/kang/Documents/tribo-slide/install/tribo/share/tribo/local_setup.sh
[18.276s] -- Installing: /home/kang/Documents/tribo-slide/install/tribo/share/tribo/local_setup.zsh
[18.276s] -- Installing: /home/kang/Documents/tribo-slide/install/tribo/share/tribo/local_setup.dsv
[18.276s] -- Installing: /home/kang/Documents/tribo-slide/install/tribo/share/tribo/package.dsv
[18.277s] -- Installing: /home/kang/Documents/tribo-slide/install/tribo/share/ament_index/resource_index/packages/tribo
[18.277s] -- Installing: /home/kang/Documents/tribo-slide/install/tribo/share/tribo/cmake/triboConfig.cmake
[18.277s] -- Installing: /home/kang/Documents/tribo-slide/install/tribo/share/tribo/cmake/triboConfig-version.cmake
[18.277s] -- Installing: /home/kang/Documents/tribo-slide/install/tribo/share/tribo/package.xml
[18.281s] Invoked command in '/home/kang/Documents/tribo-slide/build/tribo' returned '0': CMAKE_PREFIX_PATH=${CMAKE_PREFIX_PATH}:/home/kang/Documents/tribo-slide/ros2_ws/install/tribo_plot:/opt/ros/humble /usr/bin/cmake --install /home/kang/Documents/tribo-slide/build/tribo
