[0.230s] Invoking command in '/home/kang/Documents/tribo-slide/build/ur_cpp': CMAKE_PREFIX_PATH=${CMAKE_PREFIX_PATH}:/home/kang/Documents/tribo-slide/ros2_ws/install/tribo_plot:/opt/ros/humble /usr/bin/cmake /home/kang/Documents/tribo-slide/ros2_ws/src/ur_cpp -DCMAKE_INSTALL_PREFIX=/home/kang/Documents/tribo-slide/install/ur_cpp
[0.345s] -- The C compiler identification is GNU 11.4.0
[0.623s] -- The CXX compiler identification is GNU 11.4.0
[0.855s] -- Detecting C compiler ABI info
[1.041s] -- Detecting C compiler ABI info - done
[1.047s] -- Check for working C compiler: /usr/bin/cc - skipped
[1.047s] -- Detecting C compile features
[1.047s] -- Detecting C compile features - done
[1.050s] -- Detecting CXX compiler ABI info
[1.247s] -- Detecting CXX compiler ABI info - done
[1.254s] -- Check for working CXX compiler: /usr/bin/c++ - skipped
[1.255s] -- Detecting CXX compile features
[1.255s] -- Detecting CXX compile features - done
[1.258s] -- Found ament_cmake: 1.3.12 (/opt/ros/humble/share/ament_cmake/cmake)
[1.514s] -- Found Python3: /usr/bin/python3 (found version "3.10.12") found components: Interpreter 
[1.665s] -- Found rclcpp: 16.0.16 (/opt/ros/humble/share/rclcpp/cmake)
[1.814s] -- Found rosidl_generator_c: 3.1.7 (/opt/ros/humble/share/rosidl_generator_c/cmake)
[1.822s] -- Found rosidl_adapter: 3.1.7 (/opt/ros/humble/share/rosidl_adapter/cmake)
[1.841s] -- Found rosidl_generator_cpp: 3.1.7 (/opt/ros/humble/share/rosidl_generator_cpp/cmake)
[1.866s] -- Using all available rosidl_typesupport_c: rosidl_typesupport_fastrtps_c;rosidl_typesupport_introspection_c
[1.891s] -- Using all available rosidl_typesupport_cpp: rosidl_typesupport_fastrtps_cpp;rosidl_typesupport_introspection_cpp
[1.958s] -- Found rmw_implementation_cmake: 6.1.2 (/opt/ros/humble/share/rmw_implementation_cmake/cmake)
[1.962s] -- Found rmw_fastrtps_cpp: 6.2.9 (/opt/ros/humble/share/rmw_fastrtps_cpp/cmake)
[2.507s] -- Found OpenSSL: /usr/lib/x86_64-linux-gnu/libcrypto.so (found version "3.0.2")  
[2.919s] -- Found FastRTPS: /opt/ros/humble/include  
[3.597s] -- Using RMW implementation 'rmw_fastrtps_cpp' as default
[3.609s] -- Looking for pthread.h
[3.704s] -- Looking for pthread.h - found
[3.704s] -- Performing Test CMAKE_HAVE_LIBC_PTHREAD
[3.788s] -- Performing Test CMAKE_HAVE_LIBC_PTHREAD - Success
[3.789s] -- Found Threads: TRUE  
[3.875s] -- Found Boost: /usr/lib/x86_64-linux-gnu/cmake/Boost-1.74.0/BoostConfig.cmake (found version "1.74.0") found components: system thread 
[3.882s] -- Found tf2: 0.25.17 (/opt/ros/humble/share/tf2/cmake)
[3.901s] -- Found tf2_ros: 0.25.17 (/opt/ros/humble/share/tf2_ros/cmake)
[4.035s] -- Configuring done
[4.055s] -- Generating done
[4.063s] -- Build files have been written to: /home/kang/Documents/tribo-slide/build/ur_cpp
[4.074s] Invoked command in '/home/kang/Documents/tribo-slide/build/ur_cpp' returned '0': CMAKE_PREFIX_PATH=${CMAKE_PREFIX_PATH}:/home/kang/Documents/tribo-slide/ros2_ws/install/tribo_plot:/opt/ros/humble /usr/bin/cmake /home/kang/Documents/tribo-slide/ros2_ws/src/ur_cpp -DCMAKE_INSTALL_PREFIX=/home/kang/Documents/tribo-slide/install/ur_cpp
[4.076s] Invoking command in '/home/kang/Documents/tribo-slide/build/ur_cpp': CMAKE_PREFIX_PATH=${CMAKE_PREFIX_PATH}:/home/kang/Documents/tribo-slide/ros2_ws/install/tribo_plot:/opt/ros/humble /usr/bin/cmake --build /home/kang/Documents/tribo-slide/build/ur_cpp -- -j16 -l16
[4.114s] [ 25%] [32mBuilding CXX object CMakeFiles/ur_command_listener.dir/src/ur_command_listener.cpp.o[0m
[4.115s] [ 25%] [32mBuilding CXX object CMakeFiles/tcp_pose_node.dir/src/tcp_pose_node.cpp.o[0m
[4.117s] [ 50%] [32mBuilding CXX object CMakeFiles/ur_command_node.dir/src/ur_command_node.cpp.o[0m
[4.117s] [ 50%] [32mBuilding CXX object CMakeFiles/ur_rtde_node.dir/src/ur_rtde_node.cpp.o[0m
[8.164s] [ 62%] [32m[1mLinking CXX executable tcp_pose_node[0m
[8.443s] [ 62%] Built target tcp_pose_node
[9.334s] [ 75%] [32m[1mLinking CXX executable ur_command_node[0m
[9.556s] [ 75%] Built target ur_command_node
[11.373s] [ 87%] [32m[1mLinking CXX executable ur_rtde_node[0m
[11.582s] [ 87%] Built target ur_rtde_node
[12.715s] [100%] [32m[1mLinking CXX executable ur_command_listener[0m
[13.082s] [100%] Built target ur_command_listener
[13.095s] Invoked command in '/home/kang/Documents/tribo-slide/build/ur_cpp' returned '0': CMAKE_PREFIX_PATH=${CMAKE_PREFIX_PATH}:/home/kang/Documents/tribo-slide/ros2_ws/install/tribo_plot:/opt/ros/humble /usr/bin/cmake --build /home/kang/Documents/tribo-slide/build/ur_cpp -- -j16 -l16
[13.104s] Invoking command in '/home/kang/Documents/tribo-slide/build/ur_cpp': CMAKE_PREFIX_PATH=${CMAKE_PREFIX_PATH}:/home/kang/Documents/tribo-slide/ros2_ws/install/tribo_plot:/opt/ros/humble /usr/bin/cmake --install /home/kang/Documents/tribo-slide/build/ur_cpp
[13.110s] -- Install configuration: ""
[13.110s] -- Installing: /home/kang/Documents/tribo-slide/install/ur_cpp/lib/ur_cpp/tcp_pose_node
[13.111s] -- Set runtime path of "/home/kang/Documents/tribo-slide/install/ur_cpp/lib/ur_cpp/tcp_pose_node" to ""
[13.111s] -- Installing: /home/kang/Documents/tribo-slide/install/ur_cpp/lib/ur_cpp/ur_command_node
[13.112s] -- Set runtime path of "/home/kang/Documents/tribo-slide/install/ur_cpp/lib/ur_cpp/ur_command_node" to ""
[13.112s] -- Installing: /home/kang/Documents/tribo-slide/install/ur_cpp/lib/ur_cpp/ur_command_listener
[13.114s] -- Set runtime path of "/home/kang/Documents/tribo-slide/install/ur_cpp/lib/ur_cpp/ur_command_listener" to ""
[13.114s] -- Installing: /home/kang/Documents/tribo-slide/install/ur_cpp/lib/ur_cpp/ur_rtde_node
[13.116s] -- Set runtime path of "/home/kang/Documents/tribo-slide/install/ur_cpp/lib/ur_cpp/ur_rtde_node" to ""
[13.116s] -- Installing: /home/kang/Documents/tribo-slide/install/ur_cpp/share/ament_index/resource_index/package_run_dependencies/ur_cpp
[13.116s] -- Installing: /home/kang/Documents/tribo-slide/install/ur_cpp/share/ament_index/resource_index/parent_prefix_path/ur_cpp
[13.117s] -- Installing: /home/kang/Documents/tribo-slide/install/ur_cpp/share/ur_cpp/environment/ament_prefix_path.sh
[13.117s] -- Installing: /home/kang/Documents/tribo-slide/install/ur_cpp/share/ur_cpp/environment/ament_prefix_path.dsv
[13.117s] -- Installing: /home/kang/Documents/tribo-slide/install/ur_cpp/share/ur_cpp/environment/path.sh
[13.117s] -- Installing: /home/kang/Documents/tribo-slide/install/ur_cpp/share/ur_cpp/environment/path.dsv
[13.117s] -- Installing: /home/kang/Documents/tribo-slide/install/ur_cpp/share/ur_cpp/local_setup.bash
[13.117s] -- Installing: /home/kang/Documents/tribo-slide/install/ur_cpp/share/ur_cpp/local_setup.sh
[13.118s] -- Installing: /home/kang/Documents/tribo-slide/install/ur_cpp/share/ur_cpp/local_setup.zsh
[13.118s] -- Installing: /home/kang/Documents/tribo-slide/install/ur_cpp/share/ur_cpp/local_setup.dsv
[13.118s] -- Installing: /home/kang/Documents/tribo-slide/install/ur_cpp/share/ur_cpp/package.dsv
[13.119s] -- Installing: /home/kang/Documents/tribo-slide/install/ur_cpp/share/ament_index/resource_index/packages/ur_cpp
[13.119s] -- Installing: /home/kang/Documents/tribo-slide/install/ur_cpp/share/ur_cpp/cmake/ur_cppConfig.cmake
[13.119s] -- Installing: /home/kang/Documents/tribo-slide/install/ur_cpp/share/ur_cpp/cmake/ur_cppConfig-version.cmake
[13.119s] -- Installing: /home/kang/Documents/tribo-slide/install/ur_cpp/share/ur_cpp/package.xml
[13.122s] Invoked command in '/home/kang/Documents/tribo-slide/build/ur_cpp' returned '0': CMAKE_PREFIX_PATH=${CMAKE_PREFIX_PATH}:/home/kang/Documents/tribo-slide/ros2_ws/install/tribo_plot:/opt/ros/humble /usr/bin/cmake --install /home/kang/Documents/tribo-slide/build/ur_cpp
